---
source: crates/ccusage/src/adapter/opencode/parser.rs
expression: "json!({\n    \"calculated\": entry_snapshot(&calculated), \"displayCost\":\n    entry_snapshot(&display_cost), \"candidates\":\n    {\n        \"anthropic\":\n        open_code_model_candidates(\"claude-sonnet-4.5\", \"anthropic\"),\n        \"copilot\":\n        open_code_model_candidates(\"claude-sonnet-4.5\", \"github-copilot\"),\n        \"geminiAlias\":\n        open_code_model_candidates(\"gemini-3-pro-high\", \"google\"),\n        \"unknownProvider\": open_code_model_candidates(\"gpt-test\", \"unknown\"),\n    }\n})"
---
{
  "calculated": {
    "cost": 22.03125,
    "data": {
      "costUSD": 0.0,
      "message": {
        "id": "message-a",
        "model": "claude-sonnet-4.5",
        "usage": {
          "cacheCreationInputTokens": 25,
          "cacheReadInputTokens": 50,
          "inputTokens": 100,
          "outputTokens": 10
        }
      },
      "sessionId": "session-a",
      "timestamp": "2026-01-02T00:00:00.000Z",
      "version": null
    },
    "date": "2026-01-01",
    "extraTotalTokens": 0,
    "model": "claude-sonnet-4.5",
    "project": "opencode",
    "projectPath": "OpenCode",
    "sessionId": "session-a",
    "timestamp": 1767312000000
  },
  "candidates": {
    "anthropic": [
      "claude-sonnet-4.5",
      "claude-sonnet-4-5",
      "anthropic/claude-sonnet-4.5",
      "anthropic/claude-sonnet-4-5"
    ],
    "copilot": [
      "claude-sonnet-4.5",
      "claude-sonnet-4-5",
      "github_copilot/claude-sonnet-4.5",
      "github_copilot/claude-sonnet-4-5"
    ],
    "geminiAlias": [
      "gemini-3-pro-preview",
      "google/gemini-3-pro-preview"
    ],
    "unknownProvider": [
      "gpt-test"
    ]
  },
  "displayCost": {
    "cost": 0.02,
    "data": {
      "costUSD": 0.02,
      "message": {
        "id": "message-b",
        "model": "gpt-test",
        "usage": {
          "cacheCreationInputTokens": 0,
          "cacheReadInputTokens": 0,
          "inputTokens": 0,
          "outputTokens": 123
        }
      },
      "sessionId": "explicit-session",
      "timestamp": "1970-01-01T00:00:00.000Z",
      "version": null
    },
    "date": "1969-12-31",
    "extraTotalTokens": 0,
    "model": "gpt-test",
    "project": "opencode",
    "projectPath": "OpenCode",
    "sessionId": "explicit-session",
    "timestamp": 0
  }
}
