---
source: crates/ccusage/src/config_schema.rs
expression: "json!({\n    \"rootRef\": schema[\"$ref\"], \"rootProperties\":\n    definition_properties(&schema, \"ccusage-config\"),\n    \"rootAdditionalProperties\":\n    schema[\"definitions\"][\"ccusage-config\"][\"additionalProperties\"],\n    \"defaults\": schema_node(&schema, &[\"defaults\"]), \"rootDaily\":\n    schema_node(&schema, &[\"commands\", \"daily\"]), \"claudeStatusline\":\n    schema_node(&schema, &[\"claude\", \"commands\", \"statusline\"]),\n    \"codexDefaults\": schema_node(&schema, &[\"codex\", \"defaults\"]),\n    \"opencodeWeekly\":\n    schema_node(&schema, &[\"opencode\", \"commands\", \"weekly\"]), \"piDefaults\":\n    schema_node(&schema, &[\"pi\", \"defaults\"]), \"openclawDefaults\":\n    schema_node(&schema, &[\"openclaw\", \"defaults\"]),\n})"
---
{
  "claudeStatusline": {
    "additionalProperties": false,
    "properties": {
      "cache": {
        "default": true,
        "description": "Enable statusline cache.",
        "markdownDescription": "Enable statusline cache.",
        "type": "boolean"
      },
      "contextLowThreshold": {
        "default": 50,
        "description": "Percentage threshold for low context warning.",
        "format": "uint64",
        "markdownDescription": "Percentage threshold for low context warning.",
        "minimum": 0.0,
        "type": "integer"
      },
      "contextMediumThreshold": {
        "default": 80,
        "description": "Percentage threshold for medium context warning.",
        "format": "uint64",
        "markdownDescription": "Percentage threshold for medium context warning.",
        "minimum": 0.0,
        "type": "integer"
      },
      "costSource": {
        "default": "auto",
        "description": "Source for statusline cost calculation.",
        "enum": [
          "auto",
          "ccusage",
          "cc",
          "both"
        ],
        "markdownDescription": "Source for statusline cost calculation.",
        "type": "string"
      },
      "debug": {
        "default": false,
        "description": "Show statusline debug information.",
        "markdownDescription": "Show statusline debug information.",
        "type": "boolean"
      },
      "noCache": {
        "default": false,
        "description": "Disable statusline cache.",
        "markdownDescription": "Disable statusline cache.",
        "type": "boolean"
      },
      "noOffline": {
        "default": false,
        "description": "Disable cached pricing data where supported.",
        "markdownDescription": "Disable cached pricing data where supported.",
        "type": "boolean"
      },
      "offline": {
        "default": true,
        "description": "Use cached pricing data where supported.",
        "markdownDescription": "Use cached pricing data where supported.",
        "type": "boolean"
      },
      "refreshInterval": {
        "default": 1,
        "description": "Statusline refresh interval in seconds.",
        "format": "uint64",
        "markdownDescription": "Statusline refresh interval in seconds.",
        "minimum": 0.0,
        "type": "integer"
      },
      "visualBurnRate": {
        "default": "off",
        "description": "Visual burn-rate display mode.",
        "enum": [
          "off",
          "emoji",
          "text",
          "emoji-text"
        ],
        "markdownDescription": "Visual burn-rate display mode.",
        "type": "string"
      }
    },
    "type": "object"
  },
  "codexDefaults": {
    "additionalProperties": false,
    "properties": {
      "all": {
        "description": "Accepted for compatibility; all detected supported agents are included by default.",
        "markdownDescription": "Accepted for compatibility; all detected supported agents are included by default.",
        "type": "boolean"
      },
      "breakdown": {
        "description": "Show per-model cost breakdown.",
        "markdownDescription": "Show per-model cost breakdown.",
        "type": "boolean"
      },
      "color": {
        "description": "Enable colored output.",
        "markdownDescription": "Enable colored output.",
        "type": "boolean"
      },
      "compact": {
        "description": "Force compact table layout for narrow terminals.",
        "markdownDescription": "Force compact table layout for narrow terminals.",
        "type": "boolean"
      },
      "debug": {
        "description": "Show pricing mismatch information for debugging.",
        "markdownDescription": "Show pricing mismatch information for debugging.",
        "type": "boolean"
      },
      "debugSamples": {
        "description": "Number of sample discrepancies to show in debug output.",
        "format": "uint",
        "markdownDescription": "Number of sample discrepancies to show in debug output.",
        "minimum": 0.0,
        "type": "integer"
      },
      "jq": {
        "description": "jq filter to apply to JSON output.",
        "markdownDescription": "jq filter to apply to JSON output.",
        "type": "string"
      },
      "json": {
        "description": "Output in JSON format.",
        "markdownDescription": "Output in JSON format.",
        "type": "boolean"
      },
      "marketPrice": {
        "description": "Show market-rate cost alongside recorded cost.",
        "markdownDescription": "Show market-rate cost alongside recorded cost.",
        "type": "boolean"
      },
      "mode": {
        "description": "Cost calculation mode.",
        "enum": [
          "auto",
          "calculate",
          "display"
        ],
        "markdownDescription": "Cost calculation mode.",
        "type": "string"
      },
      "modelAliases": {
        "additionalProperties": {
          "type": "string"
        },
        "description": "Model name aliases for pricing lookup. Maps agent model IDs to LiteLLM pricing keys.",
        "markdownDescription": "Model name aliases for pricing lookup. Maps agent model IDs to LiteLLM pricing keys.",
        "type": "object"
      },
      "noColor": {
        "description": "Disable colored output.",
        "markdownDescription": "Disable colored output.",
        "type": "boolean"
      },
      "noOffline": {
        "description": "Disable cached pricing data where supported.",
        "markdownDescription": "Disable cached pricing data where supported.",
        "type": "boolean"
      },
      "offline": {
        "description": "Use cached pricing data where supported.",
        "markdownDescription": "Use cached pricing data where supported.",
        "type": "boolean"
      },
      "order": {
        "description": "Sort order.",
        "enum": [
          "desc",
          "asc"
        ],
        "markdownDescription": "Sort order.",
        "type": "string"
      },
      "since": {
        "description": "Filter from date (YYYY-MM-DD or YYYYMMDD).",
        "markdownDescription": "Filter from date (YYYY-MM-DD or YYYYMMDD).",
        "type": "string"
      },
      "singleThread": {
        "description": "Disable parallel file processing.",
        "markdownDescription": "Disable parallel file processing.",
        "type": "boolean"
      },
      "speed": {
        "default": "auto",
        "description": "Codex speed normalization strategy.",
        "enum": [
          "auto",
          "standard",
          "fast"
        ],
        "markdownDescription": "Codex speed normalization strategy.",
        "type": "string"
      },
      "timezone": {
        "description": "Timezone for date grouping (IANA).",
        "markdownDescription": "Timezone for date grouping (IANA).",
        "type": "string"
      },
      "until": {
        "description": "Filter until date (inclusive).",
        "markdownDescription": "Filter until date (inclusive).",
        "type": "string"
      }
    },
    "type": "object"
  },
  "defaults": {
    "additionalProperties": false,
    "description": "Default values for all-agent reports and legacy Claude commands.",
    "markdownDescription": "Default values for all-agent reports and legacy Claude commands.",
    "properties": {
      "all": {
        "default": false,
        "description": "Accepted for compatibility; all detected supported agents are included by default.",
        "markdownDescription": "Accepted for compatibility; all detected supported agents are included by default.",
        "type": "boolean"
      },
      "breakdown": {
        "default": false,
        "description": "Show per-model cost breakdown.",
        "markdownDescription": "Show per-model cost breakdown.",
        "type": "boolean"
      },
      "color": {
        "default": false,
        "description": "Enable colored output.",
        "markdownDescription": "Enable colored output.",
        "type": "boolean"
      },
      "compact": {
        "default": false,
        "description": "Force compact table layout for narrow terminals.",
        "markdownDescription": "Force compact table layout for narrow terminals.",
        "type": "boolean"
      },
      "debug": {
        "default": false,
        "description": "Show pricing mismatch information for debugging.",
        "markdownDescription": "Show pricing mismatch information for debugging.",
        "type": "boolean"
      },
      "debugSamples": {
        "default": 5,
        "description": "Number of sample discrepancies to show in debug output.",
        "format": "uint",
        "markdownDescription": "Number of sample discrepancies to show in debug output.",
        "minimum": 0.0,
        "type": "integer"
      },
      "jq": {
        "description": "jq filter to apply to JSON output.",
        "markdownDescription": "jq filter to apply to JSON output.",
        "type": "string"
      },
      "json": {
        "default": false,
        "description": "Output in JSON format.",
        "markdownDescription": "Output in JSON format.",
        "type": "boolean"
      },
      "marketPrice": {
        "default": false,
        "description": "Show market-rate cost alongside recorded cost.",
        "markdownDescription": "Show market-rate cost alongside recorded cost.",
        "type": "boolean"
      },
      "mode": {
        "default": "auto",
        "description": "Cost calculation mode.",
        "enum": [
          "auto",
          "calculate",
          "display"
        ],
        "markdownDescription": "Cost calculation mode.",
        "type": "string"
      },
      "modelAliases": {
        "additionalProperties": {
          "type": "string"
        },
        "default": {},
        "description": "Model name aliases for pricing lookup. Maps agent model IDs to LiteLLM pricing keys.",
        "markdownDescription": "Model name aliases for pricing lookup. Maps agent model IDs to LiteLLM pricing keys.",
        "type": "object"
      },
      "noColor": {
        "default": false,
        "description": "Disable colored output.",
        "markdownDescription": "Disable colored output.",
        "type": "boolean"
      },
      "noOffline": {
        "default": false,
        "description": "Disable cached pricing data where supported.",
        "markdownDescription": "Disable cached pricing data where supported.",
        "type": "boolean"
      },
      "offline": {
        "default": false,
        "description": "Use cached pricing data where supported.",
        "markdownDescription": "Use cached pricing data where supported.",
        "type": "boolean"
      },
      "order": {
        "default": "asc",
        "description": "Sort order.",
        "enum": [
          "desc",
          "asc"
        ],
        "markdownDescription": "Sort order.",
        "type": "string"
      },
      "since": {
        "description": "Filter from date (YYYY-MM-DD or YYYYMMDD).",
        "markdownDescription": "Filter from date (YYYY-MM-DD or YYYYMMDD).",
        "type": "string"
      },
      "singleThread": {
        "default": false,
        "description": "Disable parallel file processing.",
        "markdownDescription": "Disable parallel file processing.",
        "type": "boolean"
      },
      "timezone": {
        "description": "Timezone for date grouping (IANA).",
        "markdownDescription": "Timezone for date grouping (IANA).",
        "type": "string"
      },
      "until": {
        "description": "Filter until date (inclusive).",
        "markdownDescription": "Filter until date (inclusive).",
        "type": "string"
      }
    },
    "type": "object"
  },
  "openclawDefaults": {
    "additionalProperties": false,
    "properties": {
      "all": {
        "description": "Accepted for compatibility; all detected supported agents are included by default.",
        "markdownDescription": "Accepted for compatibility; all detected supported agents are included by default.",
        "type": "boolean"
      },
      "breakdown": {
        "description": "Show per-model cost breakdown.",
        "markdownDescription": "Show per-model cost breakdown.",
        "type": "boolean"
      },
      "color": {
        "description": "Enable colored output.",
        "markdownDescription": "Enable colored output.",
        "type": "boolean"
      },
      "compact": {
        "description": "Force compact table layout for narrow terminals.",
        "markdownDescription": "Force compact table layout for narrow terminals.",
        "type": "boolean"
      },
      "debug": {
        "description": "Show pricing mismatch information for debugging.",
        "markdownDescription": "Show pricing mismatch information for debugging.",
        "type": "boolean"
      },
      "debugSamples": {
        "description": "Number of sample discrepancies to show in debug output.",
        "format": "uint",
        "markdownDescription": "Number of sample discrepancies to show in debug output.",
        "minimum": 0.0,
        "type": "integer"
      },
      "jq": {
        "description": "jq filter to apply to JSON output.",
        "markdownDescription": "jq filter to apply to JSON output.",
        "type": "string"
      },
      "json": {
        "description": "Output in JSON format.",
        "markdownDescription": "Output in JSON format.",
        "type": "boolean"
      },
      "marketPrice": {
        "description": "Show market-rate cost alongside recorded cost.",
        "markdownDescription": "Show market-rate cost alongside recorded cost.",
        "type": "boolean"
      },
      "mode": {
        "description": "Cost calculation mode.",
        "enum": [
          "auto",
          "calculate",
          "display"
        ],
        "markdownDescription": "Cost calculation mode.",
        "type": "string"
      },
      "modelAliases": {
        "additionalProperties": {
          "type": "string"
        },
        "description": "Model name aliases for pricing lookup. Maps agent model IDs to LiteLLM pricing keys.",
        "markdownDescription": "Model name aliases for pricing lookup. Maps agent model IDs to LiteLLM pricing keys.",
        "type": "object"
      },
      "noColor": {
        "description": "Disable colored output.",
        "markdownDescription": "Disable colored output.",
        "type": "boolean"
      },
      "noOffline": {
        "description": "Disable cached pricing data where supported.",
        "markdownDescription": "Disable cached pricing data where supported.",
        "type": "boolean"
      },
      "offline": {
        "description": "Use cached pricing data where supported.",
        "markdownDescription": "Use cached pricing data where supported.",
        "type": "boolean"
      },
      "openClawPath": {
        "description": "Path or comma-separated paths to OpenClaw data directories.",
        "markdownDescription": "Path or comma-separated paths to OpenClaw data directories.",
        "type": "string"
      },
      "order": {
        "description": "Sort order.",
        "enum": [
          "desc",
          "asc"
        ],
        "markdownDescription": "Sort order.",
        "type": "string"
      },
      "since": {
        "description": "Filter from date (YYYY-MM-DD or YYYYMMDD).",
        "markdownDescription": "Filter from date (YYYY-MM-DD or YYYYMMDD).",
        "type": "string"
      },
      "singleThread": {
        "description": "Disable parallel file processing.",
        "markdownDescription": "Disable parallel file processing.",
        "type": "boolean"
      },
      "timezone": {
        "description": "Timezone for date grouping (IANA).",
        "markdownDescription": "Timezone for date grouping (IANA).",
        "type": "string"
      },
      "until": {
        "description": "Filter until date (inclusive).",
        "markdownDescription": "Filter until date (inclusive).",
        "type": "string"
      }
    },
    "type": "object"
  },
  "opencodeWeekly": {
    "additionalProperties": false,
    "properties": {
      "all": {
        "default": false,
        "description": "Accepted for compatibility; all detected supported agents are included by default.",
        "markdownDescription": "Accepted for compatibility; all detected supported agents are included by default.",
        "type": "boolean"
      },
      "breakdown": {
        "default": false,
        "description": "Show per-model cost breakdown.",
        "markdownDescription": "Show per-model cost breakdown.",
        "type": "boolean"
      },
      "color": {
        "default": false,
        "description": "Enable colored output.",
        "markdownDescription": "Enable colored output.",
        "type": "boolean"
      },
      "compact": {
        "default": false,
        "description": "Force compact table layout for narrow terminals.",
        "markdownDescription": "Force compact table layout for narrow terminals.",
        "type": "boolean"
      },
      "debug": {
        "default": false,
        "description": "Show pricing mismatch information for debugging.",
        "markdownDescription": "Show pricing mismatch information for debugging.",
        "type": "boolean"
      },
      "debugSamples": {
        "default": 5,
        "description": "Number of sample discrepancies to show in debug output.",
        "format": "uint",
        "markdownDescription": "Number of sample discrepancies to show in debug output.",
        "minimum": 0.0,
        "type": "integer"
      },
      "jq": {
        "description": "jq filter to apply to JSON output.",
        "markdownDescription": "jq filter to apply to JSON output.",
        "type": "string"
      },
      "json": {
        "default": false,
        "description": "Output in JSON format.",
        "markdownDescription": "Output in JSON format.",
        "type": "boolean"
      },
      "marketPrice": {
        "default": false,
        "description": "Show market-rate cost alongside recorded cost.",
        "markdownDescription": "Show market-rate cost alongside recorded cost.",
        "type": "boolean"
      },
      "mode": {
        "default": "auto",
        "description": "Cost calculation mode.",
        "enum": [
          "auto",
          "calculate",
          "display"
        ],
        "markdownDescription": "Cost calculation mode.",
        "type": "string"
      },
      "modelAliases": {
        "additionalProperties": {
          "type": "string"
        },
        "default": {},
        "description": "Model name aliases for pricing lookup. Maps agent model IDs to LiteLLM pricing keys.",
        "markdownDescription": "Model name aliases for pricing lookup. Maps agent model IDs to LiteLLM pricing keys.",
        "type": "object"
      },
      "noColor": {
        "default": false,
        "description": "Disable colored output.",
        "markdownDescription": "Disable colored output.",
        "type": "boolean"
      },
      "noOffline": {
        "default": false,
        "description": "Disable cached pricing data where supported.",
        "markdownDescription": "Disable cached pricing data where supported.",
        "type": "boolean"
      },
      "offline": {
        "default": false,
        "description": "Use cached pricing data where supported.",
        "markdownDescription": "Use cached pricing data where supported.",
        "type": "boolean"
      },
      "order": {
        "default": "asc",
        "description": "Sort order.",
        "enum": [
          "desc",
          "asc"
        ],
        "markdownDescription": "Sort order.",
        "type": "string"
      },
      "since": {
        "description": "Filter from date (YYYY-MM-DD or YYYYMMDD).",
        "markdownDescription": "Filter from date (YYYY-MM-DD or YYYYMMDD).",
        "type": "string"
      },
      "singleThread": {
        "default": false,
        "description": "Disable parallel file processing.",
        "markdownDescription": "Disable parallel file processing.",
        "type": "boolean"
      },
      "timezone": {
        "description": "Timezone for date grouping (IANA).",
        "markdownDescription": "Timezone for date grouping (IANA).",
        "type": "string"
      },
      "until": {
        "description": "Filter until date (inclusive).",
        "markdownDescription": "Filter until date (inclusive).",
        "type": "string"
      }
    },
    "type": "object"
  },
  "piDefaults": {
    "additionalProperties": false,
    "properties": {
      "all": {
        "description": "Accepted for compatibility; all detected supported agents are included by default.",
        "markdownDescription": "Accepted for compatibility; all detected supported agents are included by default.",
        "type": "boolean"
      },
      "breakdown": {
        "description": "Show per-model cost breakdown.",
        "markdownDescription": "Show per-model cost breakdown.",
        "type": "boolean"
      },
      "color": {
        "description": "Enable colored output.",
        "markdownDescription": "Enable colored output.",
        "type": "boolean"
      },
      "compact": {
        "description": "Force compact table layout for narrow terminals.",
        "markdownDescription": "Force compact table layout for narrow terminals.",
        "type": "boolean"
      },
      "debug": {
        "description": "Show pricing mismatch information for debugging.",
        "markdownDescription": "Show pricing mismatch information for debugging.",
        "type": "boolean"
      },
      "debugSamples": {
        "description": "Number of sample discrepancies to show in debug output.",
        "format": "uint",
        "markdownDescription": "Number of sample discrepancies to show in debug output.",
        "minimum": 0.0,
        "type": "integer"
      },
      "jq": {
        "description": "jq filter to apply to JSON output.",
        "markdownDescription": "jq filter to apply to JSON output.",
        "type": "string"
      },
      "json": {
        "description": "Output in JSON format.",
        "markdownDescription": "Output in JSON format.",
        "type": "boolean"
      },
      "marketPrice": {
        "description": "Show market-rate cost alongside recorded cost.",
        "markdownDescription": "Show market-rate cost alongside recorded cost.",
        "type": "boolean"
      },
      "mode": {
        "description": "Cost calculation mode.",
        "enum": [
          "auto",
          "calculate",
          "display"
        ],
        "markdownDescription": "Cost calculation mode.",
        "type": "string"
      },
      "modelAliases": {
        "additionalProperties": {
          "type": "string"
        },
        "description": "Model name aliases for pricing lookup. Maps agent model IDs to LiteLLM pricing keys.",
        "markdownDescription": "Model name aliases for pricing lookup. Maps agent model IDs to LiteLLM pricing keys.",
        "type": "object"
      },
      "noColor": {
        "description": "Disable colored output.",
        "markdownDescription": "Disable colored output.",
        "type": "boolean"
      },
      "noOffline": {
        "description": "Disable cached pricing data where supported.",
        "markdownDescription": "Disable cached pricing data where supported.",
        "type": "boolean"
      },
      "offline": {
        "description": "Use cached pricing data where supported.",
        "markdownDescription": "Use cached pricing data where supported.",
        "type": "boolean"
      },
      "order": {
        "description": "Sort order.",
        "enum": [
          "desc",
          "asc"
        ],
        "markdownDescription": "Sort order.",
        "type": "string"
      },
      "piPath": {
        "description": "Path or comma-separated paths to pi-agent sessions directories.",
        "markdownDescription": "Path or comma-separated paths to pi-agent sessions directories.",
        "type": "string"
      },
      "since": {
        "description": "Filter from date (YYYY-MM-DD or YYYYMMDD).",
        "markdownDescription": "Filter from date (YYYY-MM-DD or YYYYMMDD).",
        "type": "string"
      },
      "singleThread": {
        "description": "Disable parallel file processing.",
        "markdownDescription": "Disable parallel file processing.",
        "type": "boolean"
      },
      "timezone": {
        "description": "Timezone for date grouping (IANA).",
        "markdownDescription": "Timezone for date grouping (IANA).",
        "type": "string"
      },
      "until": {
        "description": "Filter until date (inclusive).",
        "markdownDescription": "Filter until date (inclusive).",
        "type": "string"
      }
    },
    "type": "object"
  },
  "rootAdditionalProperties": false,
  "rootDaily": {
    "additionalProperties": false,
    "properties": {
      "all": {
        "description": "Accepted for compatibility; all detected supported agents are included by default.",
        "markdownDescription": "Accepted for compatibility; all detected supported agents are included by default.",
        "type": "boolean"
      },
      "breakdown": {
        "description": "Show per-model cost breakdown.",
        "markdownDescription": "Show per-model cost breakdown.",
        "type": "boolean"
      },
      "color": {
        "description": "Enable colored output.",
        "markdownDescription": "Enable colored output.",
        "type": "boolean"
      },
      "compact": {
        "description": "Force compact table layout for narrow terminals.",
        "markdownDescription": "Force compact table layout for narrow terminals.",
        "type": "boolean"
      },
      "debug": {
        "description": "Show pricing mismatch information for debugging.",
        "markdownDescription": "Show pricing mismatch information for debugging.",
        "type": "boolean"
      },
      "debugSamples": {
        "description": "Number of sample discrepancies to show in debug output.",
        "format": "uint",
        "markdownDescription": "Number of sample discrepancies to show in debug output.",
        "minimum": 0.0,
        "type": "integer"
      },
      "instances": {
        "description": "Show per-session project instances.",
        "markdownDescription": "Show per-session project instances.",
        "type": "boolean"
      },
      "jq": {
        "description": "jq filter to apply to JSON output.",
        "markdownDescription": "jq filter to apply to JSON output.",
        "type": "string"
      },
      "json": {
        "description": "Output in JSON format.",
        "markdownDescription": "Output in JSON format.",
        "type": "boolean"
      },
      "marketPrice": {
        "description": "Show market-rate cost alongside recorded cost.",
        "markdownDescription": "Show market-rate cost alongside recorded cost.",
        "type": "boolean"
      },
      "mode": {
        "description": "Cost calculation mode.",
        "enum": [
          "auto",
          "calculate",
          "display"
        ],
        "markdownDescription": "Cost calculation mode.",
        "type": "string"
      },
      "modelAliases": {
        "additionalProperties": {
          "type": "string"
        },
        "description": "Model name aliases for pricing lookup. Maps agent model IDs to LiteLLM pricing keys.",
        "markdownDescription": "Model name aliases for pricing lookup. Maps agent model IDs to LiteLLM pricing keys.",
        "type": "object"
      },
      "noColor": {
        "description": "Disable colored output.",
        "markdownDescription": "Disable colored output.",
        "type": "boolean"
      },
      "noOffline": {
        "description": "Disable cached pricing data where supported.",
        "markdownDescription": "Disable cached pricing data where supported.",
        "type": "boolean"
      },
      "offline": {
        "description": "Use cached pricing data where supported.",
        "markdownDescription": "Use cached pricing data where supported.",
        "type": "boolean"
      },
      "order": {
        "description": "Sort order.",
        "enum": [
          "desc",
          "asc"
        ],
        "markdownDescription": "Sort order.",
        "type": "string"
      },
      "project": {
        "description": "Filter to a project name or path.",
        "markdownDescription": "Filter to a project name or path.",
        "type": "string"
      },
      "projectAliases": {
        "description": "JSON object or path mapping project paths to display aliases.",
        "markdownDescription": "JSON object or path mapping project paths to display aliases.",
        "type": "string"
      },
      "since": {
        "description": "Filter from date (YYYY-MM-DD or YYYYMMDD).",
        "markdownDescription": "Filter from date (YYYY-MM-DD or YYYYMMDD).",
        "type": "string"
      },
      "singleThread": {
        "description": "Disable parallel file processing.",
        "markdownDescription": "Disable parallel file processing.",
        "type": "boolean"
      },
      "timezone": {
        "description": "Timezone for date grouping (IANA).",
        "markdownDescription": "Timezone for date grouping (IANA).",
        "type": "string"
      },
      "until": {
        "description": "Filter until date (inclusive).",
        "markdownDescription": "Filter until date (inclusive).",
        "type": "string"
      }
    },
    "type": "object"
  },
  "rootProperties": [
    "$schema",
    "amp",
    "claude",
    "codebuff",
    "codex",
    "commands",
    "copilot",
    "defaults",
    "droid",
    "gemini",
    "goose",
    "hermes",
    "kilo",
    "kimi",
    "openclaw",
    "opencode",
    "pi",
    "qwen"
  ],
  "rootRef": "#/definitions/ccusage-config"
}
