---
source: crates/ccusage/src/summary.rs
expression: row
---
{
  "sessionId": "latest-session",
  "projectPath": "/workspace/new",
  "lastActivity": "2026-01-03",
  "inputTokens": 120,
  "outputTokens": 60,
  "cacheCreationTokens": 10,
  "cacheReadTokens": 5,
  "totalCost": 0.375,
  "marketCost": 0.0,
  "credits": null,
  "messageCount": 5,
  "modelsUsed": [
    "gpt-5.2-codex",
    "claude-sonnet-4-20250514"
  ],
  "modelBreakdowns": [
    {
      "modelName": "claude-sonnet-4-20250514",
      "inputTokens": 20,
      "outputTokens": 10,
      "cacheCreationTokens": 0,
      "cacheReadTokens": 0,
      "cost": 0.25,
      "marketCost": 0.0
    },
    {
      "modelName": "gpt-5.2-codex",
      "inputTokens": 100,
      "outputTokens": 50,
      "cacheCreationTokens": 10,
      "cacheReadTokens": 5,
      "cost": 0.125,
      "marketCost": 0.0
    }
  ],
  "versions": [
    "1.0.0",
    "1.1.0"
  ]
}
